./composer.json has been updated
Running composer update maatwebsite/excel barryvdh/laravel-dompdf --with-all-dependencies
Loading composer repositories with package information
Updating dependencies
Your requirements could not be resolved to an installable set of packages.

  Problem 1
    - Root composer.json requires maatwebsite/excel ^3.1 -> satisfiable by maatwebsite/excel[3.1.0, ..., 3.1.x-dev].
    - illuminate/support[v11.0.0, ..., 11.x-dev] require illuminate/contracts ^11.0 -> found illuminate/contracts[v11.0.0, ..., 11.x-dev] but these were not loaded, likely because it conflicts with another require.
    - maatwebsite/excel[3.1.0, ..., 3.1.25] require php ^7.0 -> your php version (8.3.32) does not satisfy that requirement.
    - maatwebsite/excel[3.1.26, ..., 3.1.35] require illuminate/support 5.8.*|^6.0|^7.0|^8.0 -> found illuminate/support[v5.8.0, ..., 5.8.x-dev, v6.0.0, ..., 6.x-dev, v7.0.0, ..., 7.x-dev, v8.0.0, ..., 8.x-dev] but these were not loaded, likely because it conflicts with another require.
    - maatwebsite/excel[3.1.36, ..., 3.1.45] require illuminate/support 5.8.*|^6.0|^7.0|^8.0|^9.0 -> found illuminate/support[v5.8.0, ..., 5.8.x-dev, v6.0.0, ..., 6.x-dev, v7.0.0, ..., 7.x-dev, v8.0.0, ..., 8.x-dev, v9.0.0-beta.1, ..., 9.x-dev] but these were not loaded, likely because it conflicts with another require.
    - maatwebsite/excel[3.1.46, ..., 3.1.53] require illuminate/support 5.8.*||^6.0||^7.0||^8.0||^9.0||^10.0 -> found illuminate/support[v5.8.0, ..., 5.8.x-dev, v6.0.0, ..., 6.x-dev, v7.0.0, ..., 7.x-dev, v8.0.0, ..., 8.x-dev, v9.0.0-beta.1, ..., 9.x-dev, v10.0.0, ..., 10.x-dev] but these were not loaded, likely because it conflicts with another require.
    - maatwebsite/excel[3.1.54, ..., 3.1.62] require illuminate/support 5.8.*||^6.0||^7.0||^8.0||^9.0||^10.0||^11.0 -> satisfiable by illuminate/support[v5.8.0, ..., 5.8.x-dev, v6.0.0, ..., 6.x-dev, v7.0.0, ..., 7.x-dev, v8.0.0, ..., 8.x-dev, v9.0.0-beta.1, ..., 9.x-dev, v10.0.0, ..., 10.x-dev, v11.0.0, ..., 11.x-dev].
    - maatwebsite/excel[3.1.63, ..., 3.1.64] require phpoffice/phpspreadsheet ^1.29.9 -> satisfiable by phpoffice/phpspreadsheet[1.29.9, ..., 1.30.x-dev].
    - maatwebsite/excel[3.1.65, ..., 3.1.66] require phpoffice/phpspreadsheet ^1.29.12 -> satisfiable by phpoffice/phpspreadsheet[1.29.12, ..., 1.30.x-dev].
    - maatwebsite/excel[3.1.67, ..., 3.1.68] require phpoffice/phpspreadsheet ^1.30.0 -> satisfiable by phpoffice/phpspreadsheet[1.30.0, ..., 1.30.x-dev].
    - maatwebsite/excel 3.1.69 requires phpoffice/phpspreadsheet ^1.30.4 -> satisfiable by phpoffice/phpspreadsheet[1.30.4, 1.30.5, 1.30.6, 1.30.x-dev].
    - maatwebsite/excel 3.1.x-dev requires phpoffice/phpspreadsheet ^1.30.5 -> satisfiable by phpoffice/phpspreadsheet[1.30.5, 1.30.6, 1.30.x-dev].
    - phpoffice/phpspreadsheet[1.29.9, ..., 1.30.x-dev] require ext-gd * -> it is missing from your system. Install or enable PHP's gd extension.

To enable extensions, verify that they are enabled in your .ini files:
    - C:\Users\CHHABI\AppData\Local\Microsoft\WinGet\Packages\PHP.PHP.8.3_Microsoft.Winget.Source_8wekyb3d8bbwe\php.ini
You can also run `php --ini` in a terminal to see which files are used by PHP in CLI mode.
Alternatively, you can run Composer with `--ignore-platform-req=ext-gd` to temporarily ignore these required extensions.

Installation failed, reverting ./composer.json and ./composer.lock to their original content.
